This is pdfTeX, Version 3.141592653-2.6-1.40.28 (TeX Live 2025) (preloaded format=pdflatex 2025.8.30)  5 NOV 2025 14:42
entering extended mode
 restricted \write18 enabled.
 file:line:error style messages enabled.
 %&-line parsing enabled.
**/Users/danisanchez/Documents/portafolio/articulo_ieee_ALDO/articulo_ieee/articulo_ieee.tex
(/Users/danisanchez/Documents/portafolio/articulo_ieee_ALDO/articulo_ieee/articulo_ieee.tex
LaTeX2e <2025-06-01> patch level 1
L3 programming layer <2025-08-13>
(/Users/danisanchez/Library/TinyTeX/texmf-dist/tex/latex/base/article.cls
Document Class: article 2025/01/22 v1.4n Standard LaTeX document class
(/Users/danisanchez/Library/TinyTeX/texmf-dist/tex/latex/base/size10.clo
File: size10.clo 2025/01/22 v1.4n Standard LaTeX file (size option)
)
\c@part=\count275
\c@section=\count276
\c@subsection=\count277
\c@subsubsection=\count278
\c@paragraph=\count279
\c@subparagraph=\count280
\c@figure=\count281
\c@table=\count282
\abovecaptionskip=\skip49
\belowcaptionskip=\skip50
\bibindent=\dimen148
) (/Users/danisanchez/Library/TinyTeX/texmf-dist/tex/latex/base/inputenc.sty
Package: inputenc 2024/02/08 v1.3d Input encoding file
\inpenc@prehook=\toks17
\inpenc@posthook=\toks18
) (/Users/danisanchez/Library/TinyTeX/texmf-dist/tex/latex/base/fontenc.sty
Package: fontenc 2024/12/21 v2.1c Standard LaTeX package
) (/Users/danisanchez/Library/TinyTeX/texmf-dist/tex/generic/babel/babel.sty
Package: babel 2025/08/03 v25.12 The multilingual framework for LuaLaTeX, pdfLaTeX and XeLaTeX
\babel@savecnt=\count283
LaTeX Encoding Info:    Redeclaring text command \ij (encoding OT1) on input line 2045.
LaTeX Encoding Info:    Redeclaring text command \IJ (encoding OT1) on input line 2047.
LaTeX Encoding Info:    Redeclaring text command \ij (encoding T1) on input line 2049.
LaTeX Encoding Info:    Redeclaring text command \IJ (encoding T1) on input line 2050.
LaTeX Encoding Info:    Ignoring declaration for text command \ij (encoding ?) on input line 2051.
LaTeX Encoding Info:    Ignoring declaration for text command \IJ (encoding ?) on input line 2053.
LaTeX Encoding Info:    Ignoring declaration for text command \SS (encoding ?) on input line 2078.
\U@D=\dimen149
\l@unhyphenated=\language3
 (/Users/danisanchez/Library/TinyTeX/texmf-dist/tex/generic/babel/txtbabel.def)
\bbl@readstream=\read2
\bbl@dirlevel=\count284
 (/Users/danisanchez/Library/TinyTeX/texmf-dist/tex/generic/babel-spanish/spanish.ldf
Language: spanish.ldf 2021/05/27 v5.0q Spanish support from the babel system
 (/Users/danisanchez/Library/TinyTeX/texmf-dist/tex/generic/babel/locale/es/babel-spanish.tex
Package babel Info: Importing font and identification data for spanish
(babel)             from babel-es.ini. Reported on input line 12.
)

Package babel Warning: No hyphenation patterns were preloaded for
(babel)                the language 'Spanish' into the format.
(babel)                Please, configure your TeX system to add them and
(babel)                rebuild the format. Now I will use the patterns
(babel)                preloaded for \language=0 instead on input line 51.

Package babel Info: Hyphen rules for 'spanish' set to \l@english
(babel)             (\language0). Reported on input line 52.
\es@quottoks=\toks19
\es@quotdepth=\count285
Package babel Info: Making " an active character on input line 570.
Package babel Info: Making . an active character on input line 675.
Package babel Info: Making < an active character on input line 722.
Package babel Info: Making > an active character on input line 722.
))
LaTeX Encoding Info:    Redeclaring text command \guillemotleft (encoding OT1) on input line 7.
LaTeX Encoding Info:    Redeclaring text command \guillemotright (encoding OT1) on input line 7.
 (/Users/danisanchez/Library/TinyTeX/texmf-dist/tex/latex/caption/caption.sty
Package: caption 2023/08/05 v3.6o Customizing captions (AR)
 (/Users/danisanchez/Library/TinyTeX/texmf-dist/tex/latex/caption/caption3.sty
Package: caption3 2023/07/31 v2.4d caption3 kernel (AR)
 (/Users/danisanchez/Library/TinyTeX/texmf-dist/tex/latex/graphics/keyval.sty
Package: keyval 2022/05/29 v1.15 key=value parser (DPC)
\KV@toks@=\toks20
)
\caption@tempdima=\dimen150
\captionmargin=\dimen151
\caption@leftmargin=\dimen152
\caption@rightmargin=\dimen153
\caption@width=\dimen154
\caption@indent=\dimen155
\caption@parindent=\dimen156
\caption@hangindent=\dimen157
Package caption Info: Standard document class detected.
)
\c@caption@flags=\count286
\c@continuedfloat=\count287
) (/Users/danisanchez/Library/TinyTeX/texmf-dist/tex/latex/amsmath/amsmath.sty
Package: amsmath 2025/06/16 v2.17y AMS math features
\@mathmargin=\skip51

For additional information on amsmath, use the `?' option.
(/Users/danisanchez/Library/TinyTeX/texmf-dist/tex/latex/amsmath/amstext.sty
Package: amstext 2024/11/17 v2.01 AMS text
 (/Users/danisanchez/Library/TinyTeX/texmf-dist/tex/latex/amsmath/amsgen.sty
File: amsgen.sty 1999/11/30 v2.0 generic functions
\@emptytoks=\toks21
\ex@=\dimen158
)) (/Users/danisanchez/Library/TinyTeX/texmf-dist/tex/latex/amsmath/amsbsy.sty
Package: amsbsy 1999/11/29 v1.2d Bold Symbols
\pmbraise@=\dimen159
) (/Users/danisanchez/Library/TinyTeX/texmf-dist/tex/latex/amsmath/amsopn.sty
Package: amsopn 2022/04/08 v2.04 operator names
)
\inf@bad=\count288
LaTeX Info: Redefining \frac on input line 233.
\uproot@=\count289
\leftroot@=\count290
LaTeX Info: Redefining \overline on input line 398.
LaTeX Info: Redefining \colon on input line 409.
\classnum@=\count291
\DOTSCASE@=\count292
LaTeX Info: Redefining \ldots on input line 495.
LaTeX Info: Redefining \dots on input line 498.
LaTeX Info: Redefining \cdots on input line 619.
\Mathstrutbox@=\box53
\strutbox@=\box54
LaTeX Info: Redefining \big on input line 721.
LaTeX Info: Redefining \Big on input line 722.
LaTeX Info: Redefining \bigg on input line 723.
LaTeX Info: Redefining \Bigg on input line 724.
\big@size=\dimen160
LaTeX Font Info:    Redeclaring font encoding OML on input line 742.
LaTeX Font Info:    Redeclaring font encoding OMS on input line 743.
\macc@depth=\count293
LaTeX Info: Redefining \bmod on input line 904.
LaTeX Info: Redefining \pmod on input line 909.
LaTeX Info: Redefining \smash on input line 939.
LaTeX Info: Redefining \relbar on input line 969.
LaTeX Info: Redefining \Relbar on input line 970.
\c@MaxMatrixCols=\count294
\dotsspace@=\muskip17
\c@parentequation=\count295
\dspbrk@lvl=\count296
\tag@help=\toks22
\row@=\count297
\column@=\count298
\maxfields@=\count299
\andhelp@=\toks23
\eqnshift@=\dimen161
\alignsep@=\dimen162
\tagshift@=\dimen163
\tagwidth@=\dimen164
\totwidth@=\dimen165
\lineht@=\dimen166
\@envbody=\toks24
\multlinegap=\skip52
\multlinetaggap=\skip53
\mathdisplay@stack=\toks25
LaTeX Info: Redefining \[ on input line 2949.
LaTeX Info: Redefining \] on input line 2950.
) (/Users/danisanchez/Library/TinyTeX/texmf-dist/tex/latex/amscls/amsthm.sty
Package: amsthm 2020/05/29 v2.20.6
\thm@style=\toks26
\thm@bodyfont=\toks27
\thm@headfont=\toks28
\thm@notefont=\toks29
\thm@headpunct=\toks30
\thm@preskip=\skip54
\thm@postskip=\skip55
\thm@headsep=\skip56
\dth@everypar=\toks31
) (/Users/danisanchez/Library/TinyTeX/texmf-dist/tex/latex/amsfonts/amsfonts.sty
Package: amsfonts 2013/01/14 v3.01 Basic AMSFonts support
\symAMSa=\mathgroup4
\symAMSb=\mathgroup5
LaTeX Font Info:    Redeclaring math symbol \hbar on input line 98.
LaTeX Font Info:    Overwriting math alphabet `\mathfrak' in version `bold'
(Font)                  U/euf/m/n --> U/euf/b/n on input line 106.
) (/Users/danisanchez/Library/TinyTeX/texmf-dist/tex/latex/amsfonts/amssymb.sty
Package: amssymb 2013/01/14 v3.01 AMS font symbols
) (/Users/danisanchez/Library/TinyTeX/texmf-dist/tex/latex/multirow/multirow.sty
Package: multirow 2024/11/12 v2.9 Span multiple rows of a table
\multirow@colwidth=\skip57
\multirow@cntb=\count300
\multirow@dima=\skip58
\bigstrutjot=\dimen167
) (/Users/danisanchez/Library/TinyTeX/texmf-dist/tex/latex/tools/multicol.sty
Package: multicol 2025/05/25 v2.0a multicolumn formatting (FMi)
\c@tracingmulticols=\count301
\mult@box=\box55
\multicol@leftmargin=\dimen168
\c@unbalance=\count302
\c@collectmore=\count303
\doublecol@number=\count304
\multicoltolerance=\count305
\multicolpretolerance=\count306
\full@width=\dimen169
\page@free=\dimen170
\premulticols=\dimen171
\postmulticols=\dimen172
\multicolsep=\skip59
\multicolbaselineskip=\skip60
\partial@page=\box56
\last@line=\box57
\mc@boxedresult=\box58
\maxbalancingoverflow=\dimen173
\mult@rightbox=\box59
\mult@grightbox=\box60
\mult@firstbox=\box61
\mult@gfirstbox=\box62
\@tempa=\box63
\@tempa=\box64
\@tempa=\box65
\@tempa=\box66
\@tempa=\box67
\@tempa=\box68
\@tempa=\box69
\@tempa=\box70
\@tempa=\box71
\@tempa=\box72
\@tempa=\box73
\@tempa=\box74
\@tempa=\box75
\@tempa=\box76
\@tempa=\box77
\@tempa=\box78
\@tempa=\box79
\@tempa=\box80
\@tempa=\box81
\@tempa=\box82
\@tempa=\box83
\@tempa=\box84
\@tempa=\box85
\@tempa=\box86
\@tempa=\box87
\@tempa=\box88
\@tempa=\box89
\@tempa=\box90
\@tempa=\box91
\@tempa=\box92
\@tempa=\box93
\@tempa=\box94
\@tempa=\box95
\@tempa=\box96
\@tempa=\box97
\@tempa=\box98
\c@minrows=\count307
\c@columnbadness=\count308
\c@finalcolumnbadness=\count309
\last@try=\dimen174
\multicolovershoot=\dimen175
\multicolundershoot=\dimen176
\mult@nat@firstbox=\box99
\colbreak@box=\box100
\mc@col@check@num=\count310
\g__mc_curr_col_int=\count311
) (/Users/danisanchez/Library/TinyTeX/texmf-dist/tex/latex/graphics/graphicx.sty
Package: graphicx 2024/12/31 v1.2e Enhanced LaTeX Graphics (DPC,SPQR)
 (/Users/danisanchez/Library/TinyTeX/texmf-dist/tex/latex/graphics/graphics.sty
Package: graphics 2024/08/06 v1.4g Standard LaTeX Graphics (DPC,SPQR)
 (/Users/danisanchez/Library/TinyTeX/texmf-dist/tex/latex/graphics/trig.sty
Package: trig 2023/12/02 v1.11 sin cos tan (DPC)
) (/Users/danisanchez/Library/TinyTeX/texmf-dist/tex/latex/graphics-cfg/graphics.cfg
File: graphics.cfg 2016/06/04 v1.11 sample graphics configuration
)
Package graphics Info: Driver file: pdftex.def on input line 106.
 (/Users/danisanchez/Library/TinyTeX/texmf-dist/tex/latex/graphics-def/pdftex.def
File: pdftex.def 2024/04/13 v1.2c Graphics/color driver for pdftex
))
\Gin@req@height=\dimen177
\Gin@req@width=\dimen178
) (/Users/danisanchez/Library/TinyTeX/texmf-dist/tex/latex/wrapfig/wrapfig.sty
\wrapoverhang=\dimen179
\WF@size=\dimen180
\c@WF@wrappedlines=\count312
\WF@box=\box101
\WF@everypar=\toks32
Package: wrapfig 2003/01/31  v 3.6
) (/Users/danisanchez/Library/TinyTeX/texmf-dist/tex/latex/float/float.sty
Package: float 2001/11/08 v1.3d Float enhancements (AL)
\c@float@type=\count313
\float@exts=\toks33
\float@box=\box102
\@float@everytoks=\toks34
\@floatcapt=\box103
) (/Users/danisanchez/Library/TinyTeX/texmf-dist/tex/latex/xcolor/xcolor.sty
Package: xcolor 2024/09/29 v3.02 LaTeX color extensions (UK)
 (/Users/danisanchez/Library/TinyTeX/texmf-dist/tex/latex/graphics-cfg/color.cfg
File: color.cfg 2016/01/02 v1.6 sample color configuration
)
Package xcolor Info: Driver file: pdftex.def on input line 274.
 (/Users/danisanchez/Library/TinyTeX/texmf-dist/tex/latex/graphics/mathcolor.ltx)
Package xcolor Info: Model `cmy' substituted by `cmy0' on input line 1349.
Package xcolor Info: Model `hsb' substituted by `rgb' on input line 1353.
Package xcolor Info: Model `RGB' extended on input line 1365.
Package xcolor Info: Model `HTML' substituted by `rgb' on input line 1367.
Package xcolor Info: Model `Hsb' substituted by `hsb' on input line 1368.
Package xcolor Info: Model `tHsb' substituted by `hsb' on input line 1369.
Package xcolor Info: Model `HSB' substituted by `hsb' on input line 1370.
Package xcolor Info: Model `Gray' substituted by `gray' on input line 1371.
Package xcolor Info: Model `wave' substituted by `hsb' on input line 1372.
) (/Users/danisanchez/Library/TinyTeX/texmf-dist/tex/latex/colortbl/colortbl.sty
Package: colortbl 2024/10/29 v1.0k Color table columns (DPC)
 (/Users/danisanchez/Library/TinyTeX/texmf-dist/tex/latex/tools/array.sty
Package: array 2025/06/08 v2.6j Tabular extension package (FMi)
\col@sep=\dimen181
\ar@mcellbox=\box104
\extrarowheight=\dimen182
\NC@list=\toks35
\extratabsurround=\skip61
\backup@length=\skip62
\ar@cellbox=\box105
)
\everycr=\toks36
\minrowclearance=\skip63
\rownum=\count314
) (/Users/danisanchez/Library/TinyTeX/texmf-dist/tex/latex/cite/cite.sty
LaTeX Info: Redefining \cite on input line 302.
LaTeX Info: Redefining \nocite on input line 332.
Package: cite 2015/02/27  v 5.5
) (./ieeetrantools.sty

LaTeX Warning: You have requested package `ieeetrantools',
               but the package provides `IEEEtrantools'.

Package: IEEEtrantools 2015/08/26 V1.5 by Michael Shell
-- See the "IEEEtrantools_doc.txt" manual for usage information.
-- http://www.michaelshell.org/tex/ieeetran/tools/
\@IEEEtrantmpdimenA=\dimen183
\@IEEEtrantmpdimenB=\dimen184
\@IEEEtrantmpdimenC=\dimen185
\@IEEEtrantmpcountA=\count315
\@IEEEtrantmpcountB=\count316
\@IEEEtrantmpcountC=\count317
\@IEEEtrantmptoksA=\toks37
\IEEEnormaljot=\dimen186
\IEEEquantizedlength=\dimen187
\IEEEquantizedlengthdiff=\dimen188
\IEEEquantizedtextheightdiff=\dimen189
\IEEEilabelindentA=\dimen190
\IEEEilabelindentB=\dimen191
\IEEEilabelindent=\dimen192
\IEEEelabelindent=\dimen193
\IEEEdlabelindent=\dimen194
\IEEElabelindent=\dimen195
\IEEEiednormlabelsep=\dimen196
\IEEEiedmathlabelsep=\dimen197
\IEEEiedtopsep=\skip64
\c@IEEEsubequation=\count318
\@IEEEeqnnumcols=\count319
\@IEEEeqncolcnt=\count320
\@IEEEsubeqnnumrollback=\count321
\IEEEPARstartletwidth=\dimen198
) (/Users/danisanchez/Library/TinyTeX/texmf-dist/tex/latex/geometry/geometry.sty
Package: geometry 2020/01/02 v5.9 Page Geometry
 (/Users/danisanchez/Library/TinyTeX/texmf-dist/tex/generic/iftex/ifvtex.sty
Package: ifvtex 2019/10/25 v1.7 ifvtex legacy package. Use iftex instead.
 (/Users/danisanchez/Library/TinyTeX/texmf-dist/tex/generic/iftex/iftex.sty
Package: iftex 2024/12/12 v1.0g TeX engine tests
))
\Gm@cnth=\count322
\Gm@cntv=\count323
\c@Gm@tempcnt=\count324
\Gm@bindingoffset=\dimen199
\Gm@wd@mp=\dimen256
\Gm@odd@mp=\dimen257
\Gm@even@mp=\dimen258
\Gm@layoutwidth=\dimen259
\Gm@layoutheight=\dimen260
\Gm@layouthoffset=\dimen261
\Gm@layoutvoffset=\dimen262
\Gm@dimlist=\toks38
) (/Users/danisanchez/Library/TinyTeX/texmf-dist/tex/latex/hyperref/hyperref.sty
Package: hyperref 2025-07-12 v7.01o Hypertext links for LaTeX
 (/Users/danisanchez/Library/TinyTeX/texmf-dist/tex/latex/kvsetkeys/kvsetkeys.sty
Package: kvsetkeys 2022-10-05 v1.19 Key value parser (HO)
) (/Users/danisanchez/Library/TinyTeX/texmf-dist/tex/generic/kvdefinekeys/kvdefinekeys.sty
Package: kvdefinekeys 2019-12-19 v1.6 Define keys (HO)
) (/Users/danisanchez/Library/TinyTeX/texmf-dist/tex/generic/pdfescape/pdfescape.sty
Package: pdfescape 2019/12/09 v1.15 Implements pdfTeX's escape features (HO)
 (/Users/danisanchez/Library/TinyTeX/texmf-dist/tex/generic/ltxcmds/ltxcmds.sty
Package: ltxcmds 2023-12-04 v1.26 LaTeX kernel commands for general use (HO)
) (/Users/danisanchez/Library/TinyTeX/texmf-dist/tex/generic/pdftexcmds/pdftexcmds.sty
Package: pdftexcmds 2020-06-27 v0.33 Utility functions of pdfTeX for LuaTeX (HO)
 (/Users/danisanchez/Library/TinyTeX/texmf-dist/tex/generic/infwarerr/infwarerr.sty
Package: infwarerr 2019/12/03 v1.5 Providing info/warning/error messages (HO)
)
Package pdftexcmds Info: \pdf@primitive is available.
Package pdftexcmds Info: \pdf@ifprimitive is available.
Package pdftexcmds Info: \pdfdraftmode found.
)) (/Users/danisanchez/Library/TinyTeX/texmf-dist/tex/latex/hycolor/hycolor.sty
Package: hycolor 2020-01-27 v1.10 Color options for hyperref/bookmark (HO)
) (/Users/danisanchez/Library/TinyTeX/texmf-dist/tex/latex/hyperref/nameref.sty
Package: nameref 2025-06-21 v2.57 Cross-referencing by name of section
 (/Users/danisanchez/Library/TinyTeX/texmf-dist/tex/latex/refcount/refcount.sty
Package: refcount 2019/12/15 v3.6 Data extraction from label references (HO)
) (/Users/danisanchez/Library/TinyTeX/texmf-dist/tex/generic/gettitlestring/gettitlestring.sty
Package: gettitlestring 2019/12/15 v1.6 Cleanup title references (HO)
 (/Users/danisanchez/Library/TinyTeX/texmf-dist/tex/latex/kvoptions/kvoptions.sty
Package: kvoptions 2022-06-15 v3.15 Key value format for package options (HO)
))
\c@section@level=\count325
) (/Users/danisanchez/Library/TinyTeX/texmf-dist/tex/latex/etoolbox/etoolbox.sty
Package: etoolbox 2025/02/11 v2.5l e-TeX tools for LaTeX (JAW)
\etb@tempcnta=\count326
) (/Users/danisanchez/Library/TinyTeX/texmf-dist/tex/generic/stringenc/stringenc.sty
Package: stringenc 2019/11/29 v1.12 Convert strings between diff. encodings (HO)
)
\@linkdim=\dimen263
\Hy@linkcounter=\count327
\Hy@pagecounter=\count328
 (/Users/danisanchez/Library/TinyTeX/texmf-dist/tex/latex/hyperref/pd1enc.def
File: pd1enc.def 2025-07-12 v7.01o Hyperref: PDFDocEncoding definition (HO)
Now handling font encoding PD1 ...
... no UTF-8 mapping file for font encoding PD1
) (/Users/danisanchez/Library/TinyTeX/texmf-dist/tex/generic/intcalc/intcalc.sty
Package: intcalc 2019/12/15 v1.3 Expandable calculations with integers (HO)
)
\Hy@SavedSpaceFactor=\count329
 (/Users/danisanchez/Library/TinyTeX/texmf-dist/tex/latex/hyperref/puenc.def
File: puenc.def 2025-07-12 v7.01o Hyperref: PDF Unicode definition (HO)
Now handling font encoding PU ...
... no UTF-8 mapping file for font encoding PU
)
Package hyperref Info: Hyper figures OFF on input line 4195.
Package hyperref Info: Link nesting OFF on input line 4200.
Package hyperref Info: Hyper index ON on input line 4203.
Package hyperref Info: Plain pages OFF on input line 4210.
Package hyperref Info: Backreferencing OFF on input line 4215.
Package hyperref Info: Implicit mode ON; LaTeX internals redefined.
Package hyperref Info: Bookmarks ON on input line 4462.
\c@Hy@tempcnt=\count330
 (/Users/danisanchez/Library/TinyTeX/texmf-dist/tex/latex/url/url.sty
\Urlmuskip=\muskip18
Package: url 2013/09/16  ver 3.4  Verb mode for urls, etc.
)
LaTeX Info: Redefining \url on input line 4801.
\XeTeXLinkMargin=\dimen264
 (/Users/danisanchez/Library/TinyTeX/texmf-dist/tex/generic/bitset/bitset.sty
Package: bitset 2019/12/09 v1.3 Handle bit-vector datatype (HO)
 (/Users/danisanchez/Library/TinyTeX/texmf-dist/tex/generic/bigintcalc/bigintcalc.sty
Package: bigintcalc 2019/12/15 v1.5 Expandable calculations on big integers (HO)
))
\Fld@menulength=\count331
\Field@Width=\dimen265
\Fld@charsize=\dimen266
Package hyperref Info: Hyper figures OFF on input line 6078.
Package hyperref Info: Link nesting OFF on input line 6083.
Package hyperref Info: Hyper index ON on input line 6086.
Package hyperref Info: backreferencing OFF on input line 6093.
Package hyperref Info: Link coloring OFF on input line 6098.
Package hyperref Info: Link coloring with OCG OFF on input line 6103.
Package hyperref Info: PDF/A mode OFF on input line 6108.
\Hy@abspage=\count332
\c@Item=\count333
\c@Hfootnote=\count334
)
Package hyperref Info: Driver (autodetected): hpdftex.
 (/Users/danisanchez/Library/TinyTeX/texmf-dist/tex/latex/hyperref/hpdftex.def
File: hpdftex.def 2025-07-12 v7.01o Hyperref driver for pdfTeX
\Fld@listcount=\count335
\c@bookmark@seq@number=\count336
 (/Users/danisanchez/Library/TinyTeX/texmf-dist/tex/latex/rerunfilecheck/rerunfilecheck.sty
Package: rerunfilecheck 2025-06-21 v1.11 Rerun checks for auxiliary files (HO)
 (/Users/danisanchez/Library/TinyTeX/texmf-dist/tex/generic/uniquecounter/uniquecounter.sty
Package: uniquecounter 2019/12/15 v1.4 Provide unlimited unique counter (HO)
)
Package uniquecounter Info: New unique counter `rerunfilecheck' on input line 284.
)
\Hy@SectionHShift=\skip65
)
\c@teorema=\count337
 (/Users/danisanchez/Library/TinyTeX/texmf-dist/tex/latex/l3backend/l3backend-pdftex.def
File: l3backend-pdftex.def 2025-06-09 L3 backend support: PDF output (pdfTeX)
\l__color_backend_stack_int=\count338
) (./articulo_ieee.aux
LaTeX Info: Redefining \. on input line 12.
LaTeX Info: Redefining \% on input line 12.
Package babel Info: 'spanish' activates 'spanish' shorthands.
(babel)             Reported on input line 12.
)
\openout1 = `articulo_ieee.aux'.

LaTeX Font Info:    Checking defaults for OML/cmm/m/it on input line 22.
LaTeX Font Info:    ... okay on input line 22.
LaTeX Font Info:    Checking defaults for OMS/cmsy/m/n on input line 22.
LaTeX Font Info:    ... okay on input line 22.
LaTeX Font Info:    Checking defaults for OT1/cmr/m/n on input line 22.
LaTeX Font Info:    ... okay on input line 22.
LaTeX Font Info:    Checking defaults for T1/cmr/m/n on input line 22.
LaTeX Font Info:    ... okay on input line 22.
LaTeX Font Info:    Checking defaults for TS1/cmr/m/n on input line 22.
LaTeX Font Info:    ... okay on input line 22.
LaTeX Font Info:    Checking defaults for OMX/cmex/m/n on input line 22.
LaTeX Font Info:    ... okay on input line 22.
LaTeX Font Info:    Checking defaults for U/cmr/m/n on input line 22.
LaTeX Font Info:    ... okay on input line 22.
LaTeX Font Info:    Checking defaults for PD1/pdf/m/n on input line 22.
LaTeX Font Info:    ... okay on input line 22.
LaTeX Font Info:    Checking defaults for PU/pdf/m/n on input line 22.
LaTeX Font Info:    ... okay on input line 22.
LaTeX Info: Redefining \. on input line 22.
LaTeX Info: Redefining \% on input line 22.
Package caption Info: Begin \AtBeginDocument code.
Package caption Info: float package is loaded.
Package caption Info: hyperref package is loaded.
Package caption Info: wrapfig package is loaded.
Package caption Info: End \AtBeginDocument code.
 (/Users/danisanchez/Library/TinyTeX/texmf-dist/tex/latex/epstopdf-pkg/epstopdf-base.sty
Package: epstopdf-base 2020-01-24 v2.11 Base part for package epstopdf
Package epstopdf-base Info: Redefining graphics rule for `.eps' on input line 485.
 (/Users/danisanchez/Library/TinyTeX/texmf-dist/tex/latex/latexconfig/epstopdf-sys.cfg
File: epstopdf-sys.cfg 2010/07/13 v1.3 Configuration of (r)epstopdf for TeX Live
))
*geometry* driver: auto-detecting
*geometry* detected driver: pdftex
*geometry* verbose mode - [ preamble ] result:
* driver: pdftex
* paper: a4paper
* layout: <same size as paper>
* layoutoffset:(h,v)=(0.0pt,0.0pt)
* modes: 
* h-part:(L,W,R)=(99.58464pt, 398.3386pt, 99.58464pt)
* v-part:(T,H,B)=(99.58464pt, 645.87756pt, 99.58464pt)
* \paperwidth=597.50787pt
* \paperheight=845.04684pt
* \textwidth=398.3386pt
* \textheight=645.87756pt
* \oddsidemargin=27.31465pt
* \evensidemargin=27.31465pt
* \topmargin=-9.68535pt
* \headheight=12.0pt
* \headsep=25.0pt
* \topskip=10.0pt
* \footskip=30.0pt
* \marginparwidth=57.0pt
* \marginparsep=11.0pt
* \columnsep=22.76228pt
* \skip\footins=9.0pt plus 4.0pt minus 2.0pt
* \hoffset=0.0pt
* \voffset=0.0pt
* \mag=1000
* \@twocolumnfalse
* \@twosidefalse
* \@mparswitchfalse
* \@reversemarginfalse
* (1in=72.27pt=25.4mm, 1cm=28.453pt)

Package hyperref Info: Link coloring OFF on input line 22.
(./articulo_ieee.out) (./articulo_ieee.out)
\@outlinefile=\write3
\openout3 = `articulo_ieee.out'.

LaTeX Font Info:    Trying to load font information for U+msa on input line 38.
 (/Users/danisanchez/Library/TinyTeX/texmf-dist/tex/latex/amsfonts/umsa.fd
File: umsa.fd 2013/01/14 v3.01 AMS symbols A
)
LaTeX Font Info:    Trying to load font information for U+msb on input line 38.
 (/Users/danisanchez/Library/TinyTeX/texmf-dist/tex/latex/amsfonts/umsb.fd
File: umsb.fd 2013/01/14 v3.01 AMS symbols B
)
Underfull \hbox (badness 1264) in paragraph at lines 72--72
\T1/cmr/m/n/9 ber^^UOctober 2025), im-ple-ment-ing a two-stage sys-tem: (1) face de-tec-tion us-ing
 []



[1

{/Users/danisanchez/Library/TinyTeX/texmf-var/fonts/map/pdftex/updmap/pdftex.map}]
Underfull \hbox (badness 5316) in paragraph at lines 102--103
[]\T1/cmr/m/n/10 Seleccionar los al-go-rit-mos de re-
 []


Underfull \hbox (badness 10000) in paragraph at lines 105--106
[]\T1/cmr/m/n/10 Desarrollar el sis-tema de re-
 []


Underfull \hbox (badness 7064) in paragraph at lines 112--112
[]\T1/cmr/bx/n/12 Discusión de lit-er-atu-ra
 []







[2]
Underfull \hbox (badness 6927) in paragraph at lines 133--134
\T1/cmr/m/n/10 in-ves-ti-gación ex-per-i-men-tal. El pro-ce-so
 []


Underfull \hbox (badness 10000) in paragraph at lines 146--147
[]\T1/cmr/bx/n/10 Evaluación ex-per-i-men-tal: \T1/cmr/m/n/10 val-i-
 []







[3]
Underfull \hbox (badness 10000) in paragraph at lines 152--153
[]\T1/cmr/bx/n/10 Variables con-fu-so-ras: \T1/cmr/m/n/10 uso
 []

<imagenes/1.jpg, id=110, 1284.8pt x 729.72626pt>
File: imagenes/1.jpg Graphic file (type jpg)
<use imagenes/1.jpg>
Package pdftex.def Info: imagenes/1.jpg  used on input line 174.
(pdftex.def)             Requested size: 187.78815pt x 106.64827pt.

Underfull \hbox (badness 10000) in paragraph at lines 188--188
[]|\T1/cmr/bx/n/10 Precisión
 []


Underfull \hbox (badness 10000) in paragraph at lines 188--189
[]|\T1/cmr/bx/n/10 Tiempo
 []


Underfull \hbox (badness 10000) in paragraph at lines 191--191
[]|\T1/cmr/m/n/10 Luz ar-ti-fi-
 []


Underfull \hbox (badness 10000) in paragraph at lines 192--192
[]|\T1/cmr/m/n/10 Iluminación
 []


Overfull \hbox (6.30197pt too wide) in paragraph at lines 186--197
 [][] 
 []







[4 <./imagenes/1.jpg>]
<imagenes/2.jpg, id=118, 1606.0pt x 951.555pt>
File: imagenes/2.jpg Graphic file (type jpg)
<use imagenes/2.jpg>
Package pdftex.def Info: imagenes/2.jpg  used on input line 204.
(pdftex.def)             Requested size: 187.78815pt x 111.26324pt.
<imagenes/4.jpg, id=120, 1185.67969pt x 707.64375pt>
File: imagenes/4.jpg Graphic file (type jpg)
<use imagenes/4.jpg>
Package pdftex.def Info: imagenes/4.jpg  used on input line 216.
(pdftex.def)             Requested size: 187.78815pt x 112.06995pt.
<imagenes/5.jpg, id=122, 1606.0pt x 889.3225pt>
File: imagenes/5.jpg Graphic file (type jpg)
<use imagenes/5.jpg>
Package pdftex.def Info: imagenes/5.jpg  used on input line 225.
(pdftex.def)             Requested size: 187.78815pt x 103.98653pt.
<imagenes/7.jpg, id=124, 1606.0pt x 990.70125pt>
File: imagenes/7.jpg Graphic file (type jpg)
<use imagenes/7.jpg>
Package pdftex.def Info: imagenes/7.jpg  used on input line 235.
(pdftex.def)             Requested size: 187.78815pt x 115.84053pt.
<imagenes/asistencia.jpg, id=125, 400.49625pt x 319.1925pt>
File: imagenes/asistencia.jpg Graphic file (type jpg)
<use imagenes/asistencia.jpg>
Package pdftex.def Info: imagenes/asistencia.jpg  used on input line 243.
(pdftex.def)             Requested size: 187.78815pt x 149.66495pt.






[5 <./imagenes/2.jpg> <./imagenes/4.jpg> <./imagenes/5.jpg>]
<imagenes/dashboard_1.png, id=134, 1154.51324pt x 683.55376pt>
File: imagenes/dashboard_1.png Graphic file (type png)
<use imagenes/dashboard_1.png>
Package pdftex.def Info: imagenes/dashboard_1.png  used on input line 253.
(pdftex.def)             Requested size: 187.78815pt x 111.17525pt.
<imagenes/dashboard_2.png, id=136, 1153.30875pt x 687.16725pt>
File: imagenes/dashboard_2.png Graphic file (type png)
<use imagenes/dashboard_2.png>
Package pdftex.def Info: imagenes/dashboard_2.png  used on input line 260.
(pdftex.def)             Requested size: 187.78815pt x 111.88878pt.






[6 <./imagenes/7.jpg> <./imagenes/asistencia.jpg> <./imagenes/dashboard_1.png> <./imagenes/dashboard_2.png>] (./articulo_ieee.bbl
Underfull \hbox (badness 10000) in paragraph at lines 39--41
\T1/cmr/m/n/10 com / es / reconocimiento-[]facial / # :
 []


Underfull \hbox (badness 10000) in paragraph at lines 39--41
\T1/cmr/m/n/10 ~ : text = Los % 20sistemas % 20de %
 []


Underfull \hbox (badness 10000) in paragraph at lines 39--41
\T1/cmr/m/n/10 20reconocimiento % 20facial %
 []


Underfull \hbox (badness 10000) in paragraph at lines 39--41
\T1/cmr/m/n/10 20basados % 20en % 20Inteligencia %
 []


Underfull \hbox (badness 10000) in paragraph at lines 39--41
\T1/cmr/m/n/10 20Arti^^\cial % 20permiten ,[] una %
 []


Underfull \hbox (badness 10000) in paragraph at lines 39--41
\T1/cmr/m/n/10 20precisi % C3 % B3n % 20mayor % 20al %
 []







[7]
Underfull \hbox (badness 5064) in paragraph at lines 44--46
\T1/cmr/m/n/10 Disponible: []$https : / / aws . amazon .
 []


Underfull \hbox (badness 10000) in paragraph at lines 44--46
\T1/cmr/m/n/10 com / es / what-[]is / facial-[]recognition / # :
 []


Underfull \hbox (badness 10000) in paragraph at lines 44--46
\T1/cmr/m/n/10 ~ : text = Funciona % 20mediante % 20la %
 []


Underfull \hbox (badness 10000) in paragraph at lines 44--46
\T1/cmr/m/n/10 20identi^^\caci % C3 % B3n % 20y ,[] gran %
 []


Underfull \hbox (badness 10000) in paragraph at lines 44--46
\T1/cmr/m/n/10 20colecci % C3 % B3n % 20de % 20im %
 []


Underfull \hbox (badness 10000) in paragraph at lines 54--56
[]$\T1/cmr/m/n/10 https : / / grsh . org / journal1 / index . php /
 []


Underfull \hbox (badness 10000) in paragraph at lines 64--66
[]$\T1/cmr/m/n/10 http : / / servicios . fpune . edu . py :
 []


Underfull \hbox (badness 10000) in paragraph at lines 69--71
[]$\T1/cmr/m/n/10 http : / / servicios . fpune . edu . py :
 []


Underfull \hbox (badness 10000) in paragraph at lines 74--76
[]$\T1/cmr/m/n/10 https : / / www . thalesgroup . com / es /
 []


Underfull \hbox (badness 10000) in paragraph at lines 74--76
\T1/cmr/m/n/10 countries / americas / latin-[]america / dis /
 []


Underfull \hbox (badness 10000) in paragraph at lines 79--81
\T1/cmr/m/n/10 https://beesafeohio.com/exploring-
 []


Underfull \hbox (badness 10000) in paragraph at lines 79--81
\T1/cmr/m/n/10 different-types-of-access-control-
 []


Underfull \hbox (badness 10000) in paragraph at lines 79--81
\T1/cmr/m/n/10 credentials/. [en línea].
 []


Overfull \hbox (71.3172pt too wide) in paragraph at lines 79--81
\T1/cmr/m/n/10 exploring-[]di^^[erent-[]types-[]of-[]access-[]control-[]credentials/$[] 
 []


Underfull \hbox (badness 10000) in paragraph at lines 84--86
\T1/cmr/m/n/10 latam . kaspersky . com / resource-[]center /
 []


Underfull \hbox (badness 10000) in paragraph at lines 94--96
\T1/cmr/m/n/10 mit . edu / books / monograph / 3132 /
 []


Overfull \hbox (38.10272pt too wide) in paragraph at lines 94--96
\T1/cmr/m/n/10 PerceptronsAn-[]Introduction-[]to-[]Computational$[] 
 []


Underfull \hbox (badness 10000) in paragraph at lines 109--111
\T1/cmr/m/n/10 Disponible: []$https : / / repositorio .
 []


Underfull \hbox (badness 10000) in paragraph at lines 109--111
\T1/cmr/m/n/10 uam . es / bitstream / handle / 10486 /
 []


Underfull \hbox (badness 10000) in paragraph at lines 109--111
\T1/cmr/m/n/10 698387 / hernan _ urgel _ jorge _ tfg . pdf ?
 []

)







[8] (./articulo_ieee.aux
LaTeX Info: Redefining \. on input line 12.
LaTeX Info: Redefining \% on input line 12.
)
 ***********
LaTeX2e <2025-06-01> patch level 1
L3 programming layer <2025-08-13>
 ***********
Package rerunfilecheck Info: File `articulo_ieee.out' has not changed.
(rerunfilecheck)             Checksum: 0F8CA8BFBA53B289F4CC298FFA645ABC;1013.
 ) 
Here is how much of TeX's memory you used:
 14591 strings out of 469781
 233510 string characters out of 5480955
 681575 words of memory out of 5000000
 42730 multiletter control sequences out of 15000+600000
 646355 words of font info for 88 fonts, out of 8000000 for 9000
 14 hyphenation exceptions out of 8191
 75i,12n,79p,1086b,800s stack positions out of 10000i,1000n,20000p,200000b,200000s
 </Users/danisanchez/Library/TinyTeX/texmf-var/fonts/pk/ljfour/jknappen/ec/ecbi1000.600pk> </Users/danisanchez/Library/TinyTeX/texmf-var/fonts/pk/ljfour/jknappen/ec/ecbx1000.600pk> </Users/danisanchez/Library/TinyTeX/texmf-var/fonts/pk/ljfour/jknappen/ec/ecbx1200.600pk> </Users/danisanchez/Library/TinyTeX/texmf-var/fonts/pk/ljfour/jknappen/ec/ecti1000.600pk> </Users/danisanchez/Library/TinyTeX/texmf-var/fonts/pk/ljfour/jknappen/ec/ecbx1440.600pk> </Users/danisanchez/Library/TinyTeX/texmf-var/fonts/pk/ljfour/jknappen/ec/ecrm1000.600pk> </Users/danisanchez/Library/TinyTeX/texmf-var/fonts/pk/ljfour/jknappen/ec/tcrm0900.600pk> </Users/danisanchez/Library/TinyTeX/texmf-var/fonts/pk/ljfour/jknappen/ec/ecti0900.600pk> </Users/danisanchez/Library/TinyTeX/texmf-var/fonts/pk/ljfour/jknappen/ec/ecbx0900.600pk> </Users/danisanchez/Library/TinyTeX/texmf-var/fonts/pk/ljfour/jknappen/ec/ecrm0600.600pk> </Users/danisanchez/Library/TinyTeX/texmf-var/fonts/pk/ljfour/jknappen/ec/ecrm0900.600pk> </Users/danisanchez/Library/TinyTeX/texmf-var/fonts/pk/ljfour/jknappen/ec/ecrm1728.600pk></Users/danisanchez/Library/TinyTeX/texmf-dist/fonts/type1/public/amsfonts/cm/cmr10.pfb></Users/danisanchez/Library/TinyTeX/texmf-dist/fonts/type1/public/amsfonts/cm/cmsy10.pfb>
Output written on articulo_ieee.pdf (8 pages, 1429853 bytes).
PDF statistics:
 696 PDF objects out of 1000 (max. 8388607)
 250 compressed objects within 3 object streams
 58 named destinations out of 1000 (max. 500000)
 113 words of extra memory for PDF output out of 10000 (max. 10000000)

